---
source: router-bridge/src/planner.rs
assertion_line: 303
expression: "serde_json::to_string_pretty(&data).unwrap()"
---
{
  "plan": {
    "kind": "QueryPlan",
    "node": {
      "kind": "Fetch",
      "serviceName": "accounts",
      "variableUsages": [],
      "operation": "{me{name{first last}}}",
      "operationKind": "query"
    }
  },
  "usageReportingSignature": "{me{name{first last}}}"
}
