---
source: router-bridge/src/planner.rs
expression: "serde_json::to_string_pretty(&payload.data).unwrap()"
---
{
  "kind": "QueryPlan",
  "node": {
    "kind": "Fetch",
    "serviceName": "accounts",
    "variableUsages": [],
    "operation": "{me{name{first last}}}",
    "operationKind": "query"
  }
}
