---
source: router-bridge/src/planner.rs
expression: "serde_json::to_string_pretty(&payload.data).unwrap()"
---
{
  "queryPlan": {
    "kind": "QueryPlan",
    "node": {
      "kind": "Fetch",
      "serviceName": "Subgraph1",
      "variableUsages": [],
      "operation": "{t{__typename ..._generated_onA2_0 ..._generated_onB1_0}}fragment _generated_onA2_0 on A{x y}fragment _generated_onB1_0 on B{z}",
      "operationKind": "query"
    }
  },
  "formattedQueryPlan": "QueryPlan {\n  Fetch(service: \"Subgraph1\") {\n    {\n      t {\n        __typename\n        ..._generated_onA2_0\n        ..._generated_onB1_0\n      }\n    }\n    \n    fragment _generated_onA2_0 on A {\n      x\n      y\n    }\n    \n    fragment _generated_onB1_0 on B {\n      z\n    }\n  },\n}"
}
