---
source: router-bridge/src/planner.rs
expression: "serde_json::to_string_pretty(&plan_response).unwrap()"
---
{
  "queryPlan": {
    "kind": "QueryPlan",
    "node": {
      "kind": "Defer",
      "primary": {
        "subselection": "{ computer(id: \"Computer1\") { id } }",
        "node": {
          "kind": "Fetch",
          "serviceName": "computers",
          "variableUsages": [],
          "operation": "{computer(id:\"Computer1\"){id errorField}}",
          "operationKind": "query"
        }
      },
      "deferred": [
        {
          "depends": [],
          "queryPath": [
            "computer"
          ],
          "subselection": "{ ... on Computer { errorField } }"
        }
      ]
    }
  },
  "formattedQueryPlan": "QueryPlan {\n  Defer {\n    Primary {\n      {\n        computer(id: \"Computer1\") {\n          id\n        }\n      }:\n      Fetch(service: \"computers\") {\n        {\n          computer(id: \"Computer1\") {\n            id\n            errorField\n          }\n        }\n      }\n    }, [\n      Deferred(depends: [], path: \"computer\") {\n        {\n          ... on Computer {\n            errorField\n          }\n        }:\n      },\n    ]\n  },\n}"
}
